g
sachi@LAPTOP-5P1QTB0I MINGW64 /d/New folder (2)
$ git initi
git: 'initi' is not a git command. See 'git --help'.

The most similar command is
        init

sachi@LAPTOP-5P1QTB0I MINGW64 /d/New folder (2)
$ git init
Initialized empty Git repository in D:/New folder (2)/.git/

sachi@LAPTOP-5P1QTB0I MINGW64 /d/New folder (2) (master)
$ git status
On branch master

No commits yet

nothing to commit (create/copy files and use "git add" to track)

sachi@LAPTOP-5P1QTB0I MINGW64 /d/New folder (2) (master)
$ git clone git@github.com:sachinorsharma/webautomation.git
Cloning into 'webautomation'...
remote: Enumerating objects: 16, done.
remote: Counting objects: 100% (16/16), done.
remote: Compressing objects: 100% (10/10), done.
remote: Total 16 (delta 1), reused 15 (delta 0), pack-reused 0
Receiving objects: 100% (16/16), done.
Resolving deltas: 100% (1/1), done.

sachi@LAPTOP-5P1QTB0I MINGW64 /d/New folder (2) (master)
$ git status
On branch master

No commits yet

Untracked files:
  (use "git add <file>..." to include in what will be committed)
        webautomation/

nothing added to commit but untracked files present (use "git add" to track)

sachi@LAPTOP-5P1QTB0I MINGW64 /d/New folder (2) (master)
$ cd webautomation/

sachi@LAPTOP-5P1QTB0I MINGW64 /d/New folder (2)/webautomation (main)
$ git status
On branch main
Your branch is up to date with 'origin/main'.

nothing to commit, working tree clean

sachi@LAPTOP-5P1QTB0I MINGW64 /d/New folder (2)/webautomation (main)
$ ls
Test.txt  Test2.txt  Test3.txt

sachi@LAPTOP-5P1QTB0I MINGW64 /d/New folder (2)/webautomation (main)
$ git status
On branch main
Your branch is up to date with 'origin/main'.

Changes not staged for commit:
  (use "git add <file>..." to update what will be committed)
  (use "git restore <file>..." to discard changes in working directory)
        modified:   Test3.txt

no changes added to commit (use "git add" and/or "git commit -a")

sachi@LAPTOP-5P1QTB0I MINGW64 /d/New folder (2)/webautomation (main)
$ git diff
diff --git a/Test3.txt b/Test3.txt
index 5e11333..969d9fe 100644
--- a/Test3.txt
+++ b/Test3.txt
@@ -1,5 +1 @@
-i am there.
-
-Where are you
-
-could you find me
\ No newline at end of file
+i have change git@github.com:sachinorsharma/webautomation.git
\ No newline at end of file

sachi@LAPTOP-5P1QTB0I MINGW64 /d/New folder (2)/webautomation (main)
$ git add Test3.txt

sachi@LAPTOP-5P1QTB0I MINGW64 /d/New folder (2)/webautomation (main)
$ git commit -m "modify"
[main ee6a81f] modify
 1 file changed, 1 insertion(+), 5 deletions(-)

sachi@LAPTOP-5P1QTB0I MINGW64 /d/New folder (2)/webautomation (main)
$ git remote add origin git@github.com:sachinorsharma/web-automation-framework.git
error: remote origin already exists.

sachi@LAPTOP-5P1QTB0I MINGW64 /d/New folder (2)/webautomation (main)
$ git push -u origin main
Enumerating objects: 5, done.
Counting objects: 100% (5/5), done.
Delta compression using up to 16 threads
Compressing objects: 100% (3/3), done.
Writing objects: 100% (3/3), 305 bytes | 152.00 KiB/s, done.
Total 3 (delta 1), reused 0 (delta 0), pack-reused 0
remote: Resolving deltas: 100% (1/1), completed with 1 local object.
To github.com:sachinorsharma/webautomation.git
   4d51117..ee6a81f  main -> main
branch 'main' set up to track 'origin/main'.

